// Jest Snapshot v1, https://goo.gl/fbAQLP

exports[`making sure the dog deatils card is reding correctly 1`] = `
Object {
  "asFragment": [Function],
  "baseElement": <body>
    <div>
      <div
        class="dog-details-card"
      >
        <h1>
           Meet 
          tommy
           ! 
        </h1>
        <img
          src="https://placedog.net/500?id=6"
        />
        <p>
          tommy
           is a(n) 
          3
           year old 
          husky
           
        </p>
        <p>
          loves evveryone
        </p>
        <a
          href="/"
        >
          back to all the Doggos
        </a>
      </div>
    </div>
  </body>,
  "container": <div>
    <div
      class="dog-details-card"
    >
      <h1>
         Meet 
        tommy
         ! 
      </h1>
      <img
        src="https://placedog.net/500?id=6"
      />
      <p>
        tommy
         is a(n) 
        3
         year old 
        husky
         
      </p>
      <p>
        loves evveryone
      </p>
      <a
        href="/"
      >
        back to all the Doggos
      </a>
    </div>
  </div>,
  "debug": [Function],
  "findAllByAltText": [Function],
  "findAllByDisplayValue": [Function],
  "findAllByLabelText": [Function],
  "findAllByPlaceholderText": [Function],
  "findAllByRole": [Function],
  "findAllByTestId": [Function],
  "findAllByText": [Function],
  "findAllByTitle": [Function],
  "findByAltText": [Function],
  "findByDisplayValue": [Function],
  "findByLabelText": [Function],
  "findByPlaceholderText": [Function],
  "findByRole": [Function],
  "findByTestId": [Function],
  "findByText": [Function],
  "findByTitle": [Function],
  "getAllByAltText": [Function],
  "getAllByDisplayValue": [Function],
  "getAllByLabelText": [Function],
  "getAllByPlaceholderText": [Function],
  "getAllByRole": [Function],
  "getAllByTestId": [Function],
  "getAllByText": [Function],
  "getAllByTitle": [Function],
  "getByAltText": [Function],
  "getByDisplayValue": [Function],
  "getByLabelText": [Function],
  "getByPlaceholderText": [Function],
  "getByRole": [Function],
  "getByTestId": [Function],
  "getByText": [Function],
  "getByTitle": [Function],
  "queryAllByAltText": [Function],
  "queryAllByDisplayValue": [Function],
  "queryAllByLabelText": [Function],
  "queryAllByPlaceholderText": [Function],
  "queryAllByRole": [Function],
  "queryAllByTestId": [Function],
  "queryAllByText": [Function],
  "queryAllByTitle": [Function],
  "queryByAltText": [Function],
  "queryByDisplayValue": [Function],
  "queryByLabelText": [Function],
  "queryByPlaceholderText": [Function],
  "queryByRole": [Function],
  "queryByTestId": [Function],
  "queryByText": [Function],
  "queryByTitle": [Function],
  "rerender": [Function],
  "unmount": [Function],
}
`;
